
paulo@Paulo MINGW64 ~/OneDrive/Desktop/maisPraTI
$ ls
JS/  Java/

paulo@Paulo MINGW64 ~/OneDrive/Desktop/maisPraTI
$ git init
Initialized empty Git repository in C:/Users/paulo/OneDrive/Desktop/maisPraTI/.git/

paulo@Paulo MINGW64 ~/OneDrive/Desktop/maisPraTI (main)
$ git config --global user.email"pauloaugustin@gmail.com"

paulo@Paulo MINGW64 ~/OneDrive/Desktop/maisPraTI (main)
$ ^C

paulo@Paulo MINGW64 ~/OneDrive/Desktop/maisPraTI (main)
$ git config --global user.name"enteroluap"

paulo@Paulo MINGW64 ~/OneDrive/Desktop/maisPraTI (main)
$ git remote add origin https://github.com/enteroluap/MaispraTI.git

paulo@Paulo MINGW64 ~/OneDrive/Desktop/maisPraTI (main)
$ git remote
origin

paulo@Paulo MINGW64 ~/OneDrive/Desktop/maisPraTI (main)
$ git remote get-url origin
https://github.com/enteroluap/MaispraTI.git

paulo@Paulo MINGW64 ~/OneDrive/Desktop/maisPraTI (main)
$ git status
On branch main

No commits yet

nothing to commit (create/copy files and use "git add" to track)

paulo@Paulo MINGW64 ~/OneDrive/Desktop/maisPraTI (main)
$ git add .

paulo@Paulo MINGW64 ~/OneDrive/Desktop/maisPraTI (main)
$ git status
On branch main

No commits yet

nothing to commit (create/copy files and use "git add" to track)

paulo@Paulo MINGW64 ~/OneDrive/Desktop/maisPraTI (main)
$ git add .

paulo@Paulo MINGW64 ~/OneDrive/Desktop/maisPraTI (main)
$ git status
On branch main

No commits yet

Changes to be committed:
  (use "git rm --cached <file>..." to unstage)
        new file:   Comandos..txt
        new file:   JS/lesson01.js


paulo@Paulo MINGW64 ~/OneDrive/Desktop/maisPraTI (main)
$ git commit -m "Inicializando o repositório"
Author identity unknown

*** Please tell me who you are.

Run

  git config --global user.email "you@example.com"
  git config --global user.name "Your Name"

to set your account's default identity.
Omit --global to set the identity only in this repository.

fatal: unable to auto-detect email address (got 'paulo@Paulo.(none)')

paulo@Paulo MINGW64 ~/OneDrive/Desktop/maisPraTI (main)
$ git config --global user.email "pauloaugustin@gmail.com"

paulo@Paulo MINGW64 ~/OneDrive/Desktop/maisPraTI (main)
$ git config --global user.name "enteroluap"

paulo@Paulo MINGW64 ~/OneDrive/Desktop/maisPraTI (main)
$ git commit -m "Inicializando o repositório"
[main (root-commit) 732d9d0] Inicializando o repositório
 2 files changed, 0 insertions(+), 0 deletions(-)
 create mode 100644 Comandos..txt
 create mode 100644 JS/lesson01.js

paulo@Paulo MINGW64 ~/OneDrive/Desktop/maisPraTI (main)
$ git status
On branch main
nothing to commit, working tree clean

paulo@Paulo MINGW64 ~/OneDrive/Desktop/maisPraTI (main)
$ git push --set-upstream origin main
To https://github.com/enteroluap/MaispraTI.git
 ! [rejected]        main -> main (fetch first)
error: failed to push some refs to 'https://github.com/enteroluap/MaispraTI.git'
hint: Updates were rejected because the remote contains work that you do not
hint: have locally. This is usually caused by another repository pushing to
hint: the same ref. If you want to integrate the remote changes, use
hint: 'git pull' before pushing again.
hint: See the 'Note about fast-forwards' in 'git push --help' for details.

paulo@Paulo MINGW64 ~/OneDrive/Desktop/maisPraTI (main)
$ git pull
remote: Enumerating objects: 4, done.
remote: Counting objects: 100% (4/4), done.
remote: Compressing objects: 100% (3/3), done.
remote: Total 4 (delta 0), reused 0 (delta 0), pack-reused 0 (from 0)
Unpacking objects: 100% (4/4), 1.52 KiB | 222.00 KiB/s, done.
From https://github.com/enteroluap/MaispraTI
 * [new branch]      main       -> origin/main
There is no tracking information for the current branch.
Please specify which branch you want to merge with.
See git-pull(1) for details.

    git pull <remote> <branch>

If you wish to set tracking information for this branch you can do so with:

    git branch --set-upstream-to=origin/<branch> main


paulo@Paulo MINGW64 ~/OneDrive/Desktop/maisPraTI (main)
$ git branch --set-upstream-to-origin main
error: unknown option `set-upstream-to-origin'
usage: git branch [<options>] [-r | -a] [--merged] [--no-merged]
   or: git branch [<options>] [-f] [--recurse-submodules] <branch-name> [<start-point>]
   or: git branch [<options>] [-l] [<pattern>...]
   or: git branch [<options>] [-r] (-d | -D) <branch-name>...
   or: git branch [<options>] (-m | -M) [<old-branch>] <new-branch>
   or: git branch [<options>] (-c | -C) [<old-branch>] <new-branch>
   or: git branch [<options>] [-r | -a] [--points-at]
   or: git branch [<options>] [-r | -a] [--format]

Generic options
    -v, --[no-]verbose    show hash and subject, give twice for upstream branch
    -q, --[no-]quiet      suppress informational messages
    -t, --[no-]track[=(direct|inherit)]
                          set branch tracking configuration
    -u, --[no-]set-upstream-to <upstream>
                          change the upstream info
    --[no-]unset-upstream unset the upstream info
    --[no-]color[=<when>] use colored output
    -r, --remotes         act on remote-tracking branches
    --contains <commit>   print only branches that contain the commit
    --no-contains <commit>
                          print only branches that don't contain the commit
    --[no-]abbrev[=<n>]   use <n> digits to display object names

Specific git-branch actions:
    -a, --all             list both remote-tracking and local branches
    -d, --[no-]delete     delete fully merged branch
    -D                    delete branch (even if not merged)
    -m, --[no-]move       move/rename a branch and its reflog
    -M                    move/rename a branch, even if target exists
    --[no-]omit-empty     do not output a newline after empty formatted refs
    -c, --[no-]copy       copy a branch and its reflog
    -C                    copy a branch, even if target exists
    -l, --[no-]list       list branch names
    --[no-]show-current   show current branch name
    --[no-]create-reflog  create the branch's reflog
    --[no-]edit-description
                          edit the description for the branch
    -f, --[no-]force      force creation, move/rename, deletion
    --merged <commit>     print only branches that are merged
    --no-merged <commit>  print only branches that are not merged
    --[no-]column[=<style>]
                          list branches in columns
    --[no-]sort <key>     field name to sort on
    --[no-]points-at <object>
                          print only branches of the object
    -i, --[no-]ignore-case
                          sorting and filtering are case insensitive
    --[no-]recurse-submodules
                          recurse through submodules
    --[no-]format <format>
                          format to use for the output


paulo@Paulo MINGW64 ~/OneDrive/Desktop/maisPraTI (main)
$ git branch --set-upstream-to=main main
warning: not setting branch 'main' as its own upstream

paulo@Paulo MINGW64 ~/OneDrive/Desktop/maisPraTI (main)
$ git branch --set-upstream-to=origin/main main
branch 'main' set up to track 'origin/main'.

paulo@Paulo MINGW64 ~/OneDrive/Desktop/maisPraTI (main)
$ git push
To https://github.com/enteroluap/MaispraTI.git
 ! [rejected]        main -> main (non-fast-forward)
error: failed to push some refs to 'https://github.com/enteroluap/MaispraTI.git'
hint: Updates were rejected because the tip of your current branch is behind
hint: its remote counterpart. If you want to integrate the remote changes,
hint: use 'git pull' before pushing again.
hint: See the 'Note about fast-forwards' in 'git push --help' for details.

paulo@Paulo MINGW64 ~/OneDrive/Desktop/maisPraTI (main)
$ git pull origin main --allow-unrelated-histories
From https://github.com/enteroluap/MaispraTI
 * branch            main       -> FETCH_HEAD
Merge made by the 'ort' strategy.
 LICENSE   | 21 +++++++++++++++++++++
 README.md |  2 ++
 2 files changed, 23 insertions(+)
 create mode 100644 LICENSE
 create mode 100644 README.md

paulo@Paulo MINGW64 ~/OneDrive/Desktop/maisPraTI (main)
$ git push
Enumerating objects: 7, done.
Counting objects: 100% (7/7), done.
Delta compression using up to 20 threads
Compressing objects: 100% (4/4), done.
Writing objects: 100% (6/6), 613 bytes | 613.00 KiB/s, done.
Total 6 (delta 1), reused 0 (delta 0), pack-reused 0 (from 0)
remote: Resolving deltas: 100% (1/1), done.
To https://github.com/enteroluap/MaispraTI.git
   60149fd..a2cf5f8  main -> main

paulo@Paulo MINGW64 ~/OneDrive/Desktop/maisPraTI (main)
$ git status
On branch main
Your branch is up to date with 'origin/main'.

nothing to commit, working tree clean

paulo@Paulo MINGW64 ~/OneDrive/Desktop/maisPraTI (main)
$ git status
On branch main
Your branch is up to date with 'origin/main'.

Untracked files:
  (use "git add <file>..." to include in what will be committed)
        Exercicios_01/
        node_modules/
        package-lock.json
        package.json

nothing added to commit but untracked files present (use "git add" to track)

paulo@Paulo MINGW64 ~/OneDrive/Desktop/maisPraTI (main)
$ git commit -m "Inserindo pasta de exercicios"
On branch main
Your branch is up to date with 'origin/main'.

Untracked files:
  (use "git add <file>..." to include in what will be committed)
        Exercicios_01/
        node_modules/
        package-lock.json
        package.json

nothing added to commit but untracked files present (use "git add" to track)

paulo@Paulo MINGW64 ~/OneDrive/Desktop/maisPraTI (main)
$ git add .
warning: in the working copy of 'node_modules/.package-lock.json', LF will be replaced by CRLF the next time Git touches it
warning: in the working copy of 'node_modules/ansi-regex/index.js', LF will be replaced by CRLF the next time Git touches it
warning: in the working copy of 'node_modules/ansi-regex/license', LF will be replaced by CRLF the next time Git touches it
warning: in the working copy of 'node_modules/ansi-regex/package.json', LF will be replaced by CRLF the next time Git touches it
warning: in the working copy of 'node_modules/ansi-regex/readme.md', LF will be replaced by CRLF the next time Git touches it
warning: in the working copy of 'node_modules/prompt-sync/LICENSE', LF will be replaced by CRLF the next time Git touches it
warning: in the working copy of 'node_modules/prompt-sync/README.md', LF will be replaced by CRLF the next time Git touches it
warning: in the working copy of 'node_modules/prompt-sync/index.js', LF will be replaced by CRLF the next time Git touches it
warning: in the working copy of 'node_modules/prompt-sync/package.json', LF will be replaced by CRLF the next time Git touches it
warning: in the working copy of 'node_modules/prompt-sync/test.js', LF will be replaced by CRLF the next time Git touches it
warning: in the working copy of 'node_modules/strip-ansi/index.d.ts', LF will be replaced by CRLF the next time Git touches it
warning: in the working copy of 'node_modules/strip-ansi/index.js', LF will be replaced by CRLF the next time Git touches it
warning: in the working copy of 'node_modules/strip-ansi/license', LF will be replaced by CRLF the next time Git touches it
warning: in the working copy of 'node_modules/strip-ansi/package.json', LF will be replaced by CRLF the next time Git touches it
warning: in the working copy of 'node_modules/strip-ansi/readme.md', LF will be replaced by CRLF the next time Git touches it
warning: in the working copy of 'package-lock.json', LF will be replaced by CRLF the next time Git touches it
warning: in the working copy of 'package.json', LF will be replaced by CRLF the next time Git touches it

paulo@Paulo MINGW64 ~/OneDrive/Desktop/maisPraTI (main)
$ git commit -m "Inserindo pasta de exercicios"
[main 4a0d15d] Inserindo pasta de exercicios
 32 files changed, 1073 insertions(+)
 create mode 100644 Exercicios_01/exercicio1.js
 create mode 100644 Exercicios_01/exercicio10.js
 create mode 100644 Exercicios_01/exercicio11.js
 create mode 100644 Exercicios_01/exercicio12.js
 create mode 100644 Exercicios_01/exercicio13.js
 create mode 100644 Exercicios_01/exercicio14.js
 create mode 100644 Exercicios_01/exercicio15.js
 create mode 100644 Exercicios_01/exercicio2.js
 create mode 100644 Exercicios_01/exercicio3.js
 create mode 100644 Exercicios_01/exercicio4.js
 create mode 100644 Exercicios_01/exercicio5.js
 create mode 100644 Exercicios_01/exercicio6.js
 create mode 100644 Exercicios_01/exercicio7.js
 create mode 100644 Exercicios_01/exercicio8.js
 create mode 100644 Exercicios_01/exercicio9.js
 create mode 100644 node_modules/.package-lock.json
 create mode 100644 node_modules/ansi-regex/index.js
 create mode 100644 node_modules/ansi-regex/license
 create mode 100644 node_modules/ansi-regex/package.json
 create mode 100644 node_modules/ansi-regex/readme.md
 create mode 100644 node_modules/prompt-sync/LICENSE
 create mode 100644 node_modules/prompt-sync/README.md
 create mode 100644 node_modules/prompt-sync/index.js
 create mode 100644 node_modules/prompt-sync/package.json
 create mode 100644 node_modules/prompt-sync/test.js
 create mode 100644 node_modules/strip-ansi/index.d.ts
 create mode 100644 node_modules/strip-ansi/index.js
 create mode 100644 node_modules/strip-ansi/license
 create mode 100644 node_modules/strip-ansi/package.json
 create mode 100644 node_modules/strip-ansi/readme.md
 create mode 100644 package-lock.json
 create mode 100644 package.json

paulo@Paulo MINGW64 ~/OneDrive/Desktop/maisPraTI (main)
$ git push
Enumerating objects: 39, done.
Counting objects: 100% (39/39), done.
Delta compression using up to 20 threads
Compressing objects: 100% (38/38), done.
Writing objects: 100% (38/38), 13.80 KiB | 4.60 MiB/s, done.
Total 38 (delta 5), reused 0 (delta 0), pack-reused 0 (from 0)
remote: Resolving deltas: 100% (5/5), done.
To https://github.com/enteroluap/MaispraTI.git
   a2cf5f8..4a0d15d  main -> main

paulo@Paulo MINGW64 ~/OneDrive/Desktop/maisPraTI (main)
$ git add .

paulo@Paulo MINGW64 ~/OneDrive/Desktop/maisPraTI (main)
$ git commit -m "Inserindo instrucoes da pasta de exercicios"
[main 2960d4f] Inserindo instrucoes da pasta de exercicios
 1 file changed, 5 insertions(+)
 create mode 100644 Exercicios_01/instrucoes.txt

paulo@Paulo MINGW64 ~/OneDrive/Desktop/maisPraTI (main)
$ git push
Enumerating objects: 6, done.
Counting objects: 100% (6/6), done.
Delta compression using up to 20 threads
Compressing objects: 100% (4/4), done.
Writing objects: 100% (4/4), 482 bytes | 482.00 KiB/s, done.
Total 4 (delta 2), reused 0 (delta 0), pack-reused 0 (from 0)
remote: Resolving deltas: 100% (2/2), completed with 2 local objects.
To https://github.com/enteroluap/MaispraTI.git
   4a0d15d..2960d4f  main -> main

paulo@Paulo MINGW64 ~/OneDrive/Desktop/maisPraTI (main)
$ ^C

paulo@Paulo MINGW64 ~/OneDrive/Desktop/maisPraTI (main)
$
